[36mvite v7.3.1 [32mbuilding client environment for production...[36m[39m
transforming...
[32mΓ£ô[39m 3 modules transformed.
node.exe : 
[31mΓ£ù[39m Build 
failed in 1.97s
At C:\Program 
Files\nodejs\npx.ps1:29 
char:3
+   & $NODE_EXE 
$NPX_CLI_JS $args
+   ~~~~~~~~~~~~~~~~~~~~
~~~~~~~~~
    + CategoryInfo      
        : NotSpecified  
  : ([31mΓ£ù[39m Bu   
 ild failed in 1.97s    
:String) [], Remote    
Exception
    + FullyQualifiedErr 
   orId : NativeComman  
  dError
 
[31merror during build:
[31m[vite:css] 
[postcss] It looks like 
you're trying to use 
`tailwindcss` directly 
as a PostCSS plugin. 
The PostCSS plugin has 
moved to a separate 
package, so to continue 
using Tailwind CSS with 
PostCSS you'll need to 
install 
`@tailwindcss/postcss` 
and update your PostCSS 
configuration.[31m
file: [36mD:/Kuliah/Tug
as/Semester 6/Kerja Prak
tek/gkisudirmanbdg/resou
rces/css/app.css:undefin
ed:NaN[31m
    at at (D:\Kuliah\Tug
as\Semester 6\Kerja Prak
tek\gkisudirmanbdg\node_
modules\tailwindcss\dist
\lib.js:38:1643)
    at 
LazyResult.runOnRoot (D:
\Kuliah\Tugas\Semester 
6\Kerja Praktek\gkisudir
manbdg\node_modules\post
css\lib\lazy-result.js:3
61:16)
    at 
LazyResult.runAsync (D:\
Kuliah\Tugas\Semester 
6\Kerja Praktek\gkisudir
manbdg\node_modules\post
css\lib\lazy-result.js:2
90:26)
    at LazyResult.async 
(D:\Kuliah\Tugas\Semeste
r 6\Kerja Praktek\gkisud
irmanbdg\node_modules\po
stcss\lib\lazy-result.js
:192:30)
    at LazyResult.then (
D:\Kuliah\Tugas\Semester
 6\Kerja Praktek\gkisudi
rmanbdg\node_modules\pos
tcss\lib\lazy-result.js:
436:17)[39m
